	linux-vdso.so.1 (0x00007c61c48d3000)
	libprotobuf.so.32 => /lib/x86_64-linux-gnu/libprotobuf.so.32 (0x00007c61c451c000)
	libcrypto.so.3 => /lib/x86_64-linux-gnu/libcrypto.so.3 (0x00007c61c4008000)
	libstdc++.so.6 => /lib/x86_64-linux-gnu/libstdc++.so.6 (0x00007c61c3d8a000)
	libm.so.6 => /lib/x86_64-linux-gnu/libm.so.6 (0x00007c61c3ca1000)
	libgcc_s.so.1 => /lib/x86_64-linux-gnu/libgcc_s.so.1 (0x00007c61c3c73000)
	libc.so.6 => /lib/x86_64-linux-gnu/libc.so.6 (0x00007c61c3a5f000)
	libz.so.1 => /lib/x86_64-linux-gnu/libz.so.1 (0x00007c61c3a43000)
	/lib64/ld-linux-x86-64.so.2 (0x00007c61c48d5000)
	linux-vdso.so.1 (0x000072ef51859000)
	libcuda.so.1 => not found
	libprotobuf.so.32 => /lib/x86_64-linux-gnu/libprotobuf.so.32 (0x000072ef514f1000)
	libnixl.so => /usr/local/lib/libnixl.so (0x000072ef5146a000)
	libnixl_build.so => /usr/local/lib/libnixl_build.so (0x000072ef51440000)
	libstdc++.so.6 => /lib/x86_64-linux-gnu/libstdc++.so.6 (0x000072ef511c2000)
	libgcc_s.so.1 => /lib/x86_64-linux-gnu/libgcc_s.so.1 (0x000072ef51192000)
	libc.so.6 => /lib/x86_64-linux-gnu/libc.so.6 (0x000072ef50f80000)
	libz.so.1 => /lib/x86_64-linux-gnu/libz.so.1 (0x000072ef50f64000)
	/lib64/ld-linux-x86-64.so.2 (0x000072ef5185b000)
	libserdes.so => /usr/local/lib/libserdes.so (0x000072ef50ec0000)
	libstream.so => /usr/local/lib/libstream.so (0x000072ef50eb7000)
	libnixl_common.so => /usr/local/lib/libnixl_common.so (0x000072ef50dc6000)
	libm.so.6 => /lib/x86_64-linux-gnu/libm.so.6 (0x000072ef50cdb000)
usage: pagebroker socket_path staging_directory storage_root --max-concurrent-requests count [--gpu-engine absolute_path]
